<html>
<body>
<pre>
<h1>µVision Build Log</h1>
<h2>Tool Versions:</h2>
IDE-Version: ¦ÌVision V5.38.0.0
Copyright (C) 2022 ARM Ltd and ARM Germany GmbH. All rights reserved.
License Information: 1 surface, 111, LIC=FYKYW-QWJU7-9U44U-SVFXG-8BHK6-E6EQJ
 
Tool Versions:
Toolchain:       MDK-ARM Plus  Version: 5.38.0.0
Toolchain Path:  C:\Keil_v5\ARM\ARM5\Bin
C Compiler:      Armcc.exe V5.06 update 5 (build 528)
Assembler:       Armasm.exe V5.06 update 5 (build 528)
Linker/Locator:  ArmLink.exe V5.06 update 5 (build 528)
Library Manager: ArmAr.exe V5.06 update 5 (build 528)
Hex Converter:   FromElf.exe V5.06 update 5 (build 528)
CPU DLL:         SARMCM3.DLL V5.38.0.0
Dialog DLL:      DCM.DLL V1.17.5.0
Target DLL:      STLink\ST-LINKIII-KEIL_SWO.dll V3.1.0.0
Dialog DLL:      TCM.DLL V1.56.4.0
 
<h2>Project:</h2>
C:\Users\surface\Documents\IndustrialInnovationCourse\IntelligenceAudio\Project.uvprojx
Project File Date:  11/14/2025

<h2>Output:</h2>
*** Using Compiler 'V5.06 update 5 (build 528)', folder: 'C:\Keil_v5\ARM\ARM5\Bin'
Build target 'Target 1'
compiling main.c...
.\Hardware\encoder.h(49): warning:  #1-D: last line of file ends without a newline
  #endif
User\main.c(24): warning:  #177-D: variable "MusicList"  was declared but never referenced
  	char MusicList[15][20]={" ","List", "List","List","List","List","List","List","List"," "};
User\main.c(25): warning:  #177-D: variable "PlayingMode"  was declared but never referenced
  	char PlayingMode[10][20]={" ",	"Earphone",	"Speaker",	"Back",	"   ",	"    "};
User\main.c(26): warning:  #177-D: variable "Alarm"  was declared but never referenced
  	char Alarm[10][20]={" ",	"Alarm",	"Alarm",	"Alarm",	"Alarm",	"Alarm",	"Alarm","    "};
User\main.c(27): warning:  #177-D: variable "Environment"  was declared but never referenced
  	char Environment[10][20]={" ",	"Play",	"Next",	"Last",	"Volumn",	"Back",	"    ",	"   ",	"    "};
User\main.c: 5 warnings, 0 errors
linking...
Program Size: Code=6164 RO-data=2608 RW-data=492 ZI-data=1028  
".\Objects\Project.axf" - 0 Error(s), 5 Warning(s).

<h2>Software Packages used:</h2>

Package Vendor: Keil
                https://www.keil.com/pack/Keil.STM32F1xx_DFP.2.4.1.pack
                Keil.STM32F1xx_DFP.2.4.1
                STMicroelectronics STM32F1 Series Device Support, Drivers and Examples

<h2>Collection of Component include folders:</h2>
  C:/Keil_v5/Packs/Keil/STM32F1xx_DFP/2.4.1/Device/Include

<h2>Collection of Component Files used:</h2>
Build Time Elapsed:  00:00:01
</pre>
</body>
</html>
